// Jest Snapshot v1, https://goo.gl/fbAQLP

exports[`Should render Item with fixture data 1`] = `
<div>
  <Link
    replace={false}
    to="/edit/2"
  >
    <h3>
      rent
    </h3>
  </Link>
  <p>
    â‚¬0,01
      
     
    -
     
    December 28th, 1969
  </p>
  <button
    onClick={[Function]}
  >
    Remove
  </button>
</div>
`;
